(and (forall ((xs Real) (ys Real)) (=> a (not b)))
     (forall ((xs Real) (ys Real)) (=> b (not a))))