(and (forall ((xs Real) (ys Real)) (=> a b))
     (forall ((xs Real) (ys Real)) (=> b a)))
